4966 [main] ERROR c.e.t.TaskServerApplication - ERROR LEVEL
4757 [main] ERROR c.e.t.TaskServerApplication - ERROR LEVEL
